Analyzing frontend...                                           

warning - Unused import: '../models/trip.dart' - lib\repositories\poll_repository.dart:1:8 - unused_import
warning - Unused import: 'package:google_fonts/google_fonts.dart' - lib\screens\chat_screen.dart:5:8 - unused_import
warning - The value of the field '_myEmail' isn't used - lib\screens\chat_screen.dart:27:11 - unused_field
   info - Unnecessary use of string interpolation - lib\screens\chat_screen.dart:79:18 - unnecessary_string_interpolations
   info - 'withOpacity' is deprecated and shouldn't be used. Use .withValues() to avoid precision loss - lib\screens\chat_screen.dart:79:114 - deprecated_member_use
   info - 'withOpacity' is deprecated and shouldn't be used. Use .withValues() to avoid precision loss - lib\screens\chat_screen.dart:82:52 - deprecated_member_use
   info - 'surfaceVariant' is deprecated and shouldn't be used. Use surfaceContainerHighest instead. This feature was deprecated after v3.18.0-0.1.pre - lib\screens\chat_screen.dart:136:35 - deprecated_member_use
   info - 'withOpacity' is deprecated and shouldn't be used. Use .withValues() to avoid precision loss - lib\screens\chat_screen.dart:136:50 - deprecated_member_use
   info - 'withOpacity' is deprecated and shouldn't be used. Use .withValues() to avoid precision loss - lib\screens\chat_screen.dart:163:59 - deprecated_member_use
   info - 'withOpacity' is deprecated and shouldn't be used. Use .withValues() to avoid precision loss - lib\screens\chat_screen.dart:177:42 - deprecated_member_use
   info - 'withOpacity' is deprecated and shouldn't be used. Use .withValues() to avoid precision loss - lib\screens\chat_screen.dart:189:41 - deprecated_member_use
warning - Unused import: 'package:animations/animations.dart' - lib\screens\home_screen.dart:4:8 - unused_import
warning - Dead code - lib\screens\home_screen.dart:224:34 - dead_code
warning - Unused import: 'login_screen.dart' - lib\screens\landing_screen.dart:4:8 - unused_import
warning - Unused import: 'explore_templates_screen.dart' - lib\screens\landing_screen.dart:5:8 - unused_import
   info - 'withOpacity' is deprecated and shouldn't be used. Use .withValues() to avoid precision loss - lib\screens\landing_screen.dart:73:53 - deprecated_member_use
warning - Dead code - lib\screens\landing_screen.dart:86:60 - dead_code
warning - Dead code - lib\screens\landing_screen.dart:95:68 - dead_code
   info - 'withOpacity' is deprecated and shouldn't be used. Use .withValues() to avoid precision loss - lib\screens\landing_screen.dart:145:54 - deprecated_member_use
   info - 'withOpacity' is deprecated and shouldn't be used. Use .withValues() to avoid precision loss - lib\screens\landing_screen.dart:248:29 - deprecated_member_use
   info - 'withOpacity' is deprecated and shouldn't be used. Use .withValues() to avoid precision loss - lib\screens\login_screen.dart:46:37 - deprecated_member_use
   info - 'withOpacity' is deprecated and shouldn't be used. Use .withValues() to avoid precision loss - lib\screens\login_screen.dart:176:33 - deprecated_member_use
   info - 'withOpacity' is deprecated and shouldn't be used. Use .withValues() to avoid precision loss - lib\screens\profile_screen.dart:62:60 - deprecated_member_use
   info - 'withOpacity' is deprecated and shouldn't be used. Use .withValues() to avoid precision loss - lib\screens\profile_screen.dart:96:59 - deprecated_member_use
warning - Unused import: '../repositories/poll_repository.dart' - lib\screens\trip_detail_screen.dart:13:8 - unused_import
   info - 'withOpacity' is deprecated and shouldn't be used. Use .withValues() to avoid precision loss - lib\screens\trip_detail_screen.dart:256:27 - deprecated_member_use
  error - The argument type 'String?' can't be assigned to the parameter type 'String'.  - lib\screens\trip_detail_screen.dart:260:24 - argument_type_not_assignable
   info - 'withOpacity' is deprecated and shouldn't be used. Use .withValues() to avoid precision loss - lib\screens\trip_detail_screen.dart:262:66 - deprecated_member_use
   info - 'withOpacity' is deprecated and shouldn't be used. Use .withValues() to avoid precision loss - lib\screens\trip_detail_screen.dart:333:87 - deprecated_member_use
   info - Unnecessary use of 'toList' in a spread - lib\screens\trip_detail_screen.dart:344:16 - unnecessary_to_list_in_spreads
  error - The getter 'collaborators' isn't defined for the type 'Trip' - lib\screens\trip_detail_screen.dart:375:29 - undefined_getter
  error - The getter 'collaborators' isn't defined for the type 'Trip' - lib\screens\trip_detail_screen.dart:377:41 - undefined_getter
   info - 'withOpacity' is deprecated and shouldn't be used. Use .withValues() to avoid precision loss - lib\widgets\glass_container.dart:29:33 - deprecated_member_use
   info - 'withOpacity' is deprecated and shouldn't be used. Use .withValues() to avoid precision loss - lib\widgets\glass_container.dart:32:35 - deprecated_member_use
  error - The named parameter 'pollRepository' is required, but there's no corresponding argument - test\widget_test.dart:15:29 - missing_required_argument

